// Jest Snapshot v1, https://goo.gl/fbAQLP

exports[`<Dashboard /> renders correctly 1`] = `
<View
  style={
    Object {
      "display": "flex",
      "flexDirection": "row",
      "height": "100%",
    }
  }
>
  <View
    isOpen={true}
    style={
      Array [
        Object {
          "backgroundColor": "#18121E",
          "height": "100%",
          "paddingBottom": 15,
          "paddingLeft": 15,
          "paddingRight": 15,
          "paddingTop": 15,
          "width": 250,
        },
      ]
    }
  >
    <View
      accessible={true}
      focusable={true}
      onClick={[Function]}
      onResponderGrant={[Function]}
      onResponderMove={[Function]}
      onResponderRelease={[Function]}
      onResponderTerminate={[Function]}
      onResponderTerminationRequest={[Function]}
      onStartShouldSetResponder={[Function]}
      style={
        Object {
          "marginBottom": 10,
          "marginLeft": "auto",
          "marginRight": 10,
          "opacity": 1,
        }
      }
    >
      <Text />
    </View>
    <View
      accessible={true}
      focusable={true}
      onClick={[Function]}
      onResponderGrant={[Function]}
      onResponderMove={[Function]}
      onResponderRelease={[Function]}
      onResponderTerminate={[Function]}
      onResponderTerminationRequest={[Function]}
      onStartShouldSetResponder={[Function]}
      style={
        Object {
          "alignItems": "center",
          "backgroundColor": "#FFFFFF",
          "borderRadius": 10,
          "marginTop": 10,
          "opacity": 1,
          "paddingBottom": 10,
          "paddingLeft": 10,
          "paddingRight": 10,
          "paddingTop": 10,
          "width": "90%",
        }
      }
    >
      <Text />
      <Text
        isOpen={true}
        style={
          Array [
            Object {
              "marginLeft": 10,
            },
          ]
        }
      >
        Dashboard
      </Text>
    </View>
    <View
      accessible={true}
      focusable={false}
      onClick={[Function]}
      onResponderGrant={[Function]}
      onResponderMove={[Function]}
      onResponderRelease={[Function]}
      onResponderTerminate={[Function]}
      onResponderTerminationRequest={[Function]}
      onStartShouldSetResponder={[Function]}
      style={
        Object {
          "alignItems": "center",
          "backgroundColor": "#FFFFFF",
          "borderRadius": 10,
          "marginTop": 10,
          "opacity": 1,
          "paddingBottom": 10,
          "paddingLeft": 10,
          "paddingRight": 10,
          "paddingTop": 10,
          "width": "90%",
        }
      }
    >
      <Text />
      <Text
        isOpen={true}
        style={
          Array [
            Object {
              "marginLeft": 10,
            },
          ]
        }
      >
        Gráficos
      </Text>
    </View>
    <View
      accessible={true}
      focusable={true}
      onClick={[Function]}
      onResponderGrant={[Function]}
      onResponderMove={[Function]}
      onResponderRelease={[Function]}
      onResponderTerminate={[Function]}
      onResponderTerminationRequest={[Function]}
      onStartShouldSetResponder={[Function]}
      style={
        Object {
          "alignItems": "center",
          "backgroundColor": "#FFFFFF",
          "borderRadius": 10,
          "marginTop": 10,
          "opacity": 1,
          "paddingBottom": 10,
          "paddingLeft": 10,
          "paddingRight": 10,
          "paddingTop": 10,
          "width": "90%",
        }
      }
    >
      <Text />
      <Text
        isOpen={true}
        style={
          Array [
            Object {
              "marginLeft": 10,
            },
          ]
        }
      >
        Usuários
      </Text>
    </View>
    <View
      accessible={true}
      focusable={true}
      onClick={[Function]}
      onResponderGrant={[Function]}
      onResponderMove={[Function]}
      onResponderRelease={[Function]}
      onResponderTerminate={[Function]}
      onResponderTerminationRequest={[Function]}
      onStartShouldSetResponder={[Function]}
      style={
        Object {
          "alignItems": "center",
          "backgroundColor": "#FFFFFF",
          "borderRadius": 10,
          "marginTop": 10,
          "opacity": 1,
          "paddingBottom": 10,
          "paddingLeft": 10,
          "paddingRight": 10,
          "paddingTop": 10,
          "width": "90%",
        }
      }
    >
      <Text />
      <Text
        isOpen={true}
        style={
          Array [
            Object {
              "marginLeft": 10,
            },
          ]
        }
      >
        Sair
      </Text>
    </View>
  </View>
  <View
    isOpen={true}
    style={
      Array [
        Object {
          "display": "flex",
          "flexDirection": "column",
          "width": "calc(100% - 250px)",
        },
      ]
    }
  >
    <Text
      style={
        Object {
          "fontSize": 23,
          "textAlign": "center",
        }
      }
    >
      Olá 
       você é um 
      .
    </Text>
  </View>
</View>
`;
